------------------------------------------------------------
TimeQuest Timing Analyzer Summary
------------------------------------------------------------

Type  : Slow 1100mV 85C Model Setup 'CLOCK_50'
Slack : -4.442
TNS   : -156.843

Type  : Slow 1100mV 85C Model Setup 'state.BLINKING'
Slack : -3.268
TNS   : -3.268

Type  : Slow 1100mV 85C Model Setup 'clock_divider:comb_36|Pulse_ms'
Slack : -3.137
TNS   : -192.646

Type  : Slow 1100mV 85C Model Hold 'CLOCK_50'
Slack : -0.486
TNS   : -0.866

Type  : Slow 1100mV 85C Model Hold 'clock_divider:comb_36|Pulse_ms'
Slack : 0.272
TNS   : 0.000

Type  : Slow 1100mV 85C Model Hold 'state.BLINKING'
Slack : 2.192
TNS   : 0.000

Type  : Slow 1100mV 85C Model Minimum Pulse Width 'CLOCK_50'
Slack : -0.490
TNS   : -29.487

Type  : Slow 1100mV 85C Model Minimum Pulse Width 'clock_divider:comb_36|Pulse_ms'
Slack : -0.394
TNS   : -55.270

Type  : Slow 1100mV 85C Model Minimum Pulse Width 'state.BLINKING'
Slack : 0.420
TNS   : 0.000

Type  : Slow 1100mV 0C Model Setup 'CLOCK_50'
Slack : -4.129
TNS   : -149.864

Type  : Slow 1100mV 0C Model Setup 'state.BLINKING'
Slack : -3.344
TNS   : -3.344

Type  : Slow 1100mV 0C Model Setup 'clock_divider:comb_36|Pulse_ms'
Slack : -2.920
TNS   : -185.414

Type  : Slow 1100mV 0C Model Hold 'CLOCK_50'
Slack : -0.668
TNS   : -4.258

Type  : Slow 1100mV 0C Model Hold 'clock_divider:comb_36|Pulse_ms'
Slack : 0.274
TNS   : 0.000

Type  : Slow 1100mV 0C Model Hold 'state.BLINKING'
Slack : 2.240
TNS   : 0.000

Type  : Slow 1100mV 0C Model Minimum Pulse Width 'CLOCK_50'
Slack : -0.520
TNS   : -31.654

Type  : Slow 1100mV 0C Model Minimum Pulse Width 'clock_divider:comb_36|Pulse_ms'
Slack : -0.394
TNS   : -54.365

Type  : Slow 1100mV 0C Model Minimum Pulse Width 'state.BLINKING'
Slack : 0.430
TNS   : 0.000

Type  : Fast 1100mV 85C Model Setup 'CLOCK_50'
Slack : -2.917
TNS   : -72.367

Type  : Fast 1100mV 85C Model Setup 'clock_divider:comb_36|Pulse_ms'
Slack : -1.577
TNS   : -89.691

Type  : Fast 1100mV 85C Model Setup 'state.BLINKING'
Slack : -1.384
TNS   : -1.384

Type  : Fast 1100mV 85C Model Hold 'CLOCK_50'
Slack : -0.480
TNS   : -2.118

Type  : Fast 1100mV 85C Model Hold 'clock_divider:comb_36|Pulse_ms'
Slack : 0.090
TNS   : 0.000

Type  : Fast 1100mV 85C Model Hold 'state.BLINKING'
Slack : 1.192
TNS   : 0.000

Type  : Fast 1100mV 85C Model Minimum Pulse Width 'CLOCK_50'
Slack : -0.500
TNS   : -5.511

Type  : Fast 1100mV 85C Model Minimum Pulse Width 'clock_divider:comb_36|Pulse_ms'
Slack : -0.026
TNS   : -0.294

Type  : Fast 1100mV 85C Model Minimum Pulse Width 'state.BLINKING'
Slack : 0.433
TNS   : 0.000

Type  : Fast 1100mV 0C Model Setup 'CLOCK_50'
Slack : -2.300
TNS   : -59.492

Type  : Fast 1100mV 0C Model Setup 'state.BLINKING'
Slack : -1.340
TNS   : -1.340

Type  : Fast 1100mV 0C Model Setup 'clock_divider:comb_36|Pulse_ms'
Slack : -1.338
TNS   : -75.829

Type  : Fast 1100mV 0C Model Hold 'CLOCK_50'
Slack : -0.617
TNS   : -4.412

Type  : Fast 1100mV 0C Model Hold 'clock_divider:comb_36|Pulse_ms'
Slack : 0.078
TNS   : 0.000

Type  : Fast 1100mV 0C Model Hold 'state.BLINKING'
Slack : 1.181
TNS   : 0.000

Type  : Fast 1100mV 0C Model Minimum Pulse Width 'CLOCK_50'
Slack : -0.498
TNS   : -5.482

Type  : Fast 1100mV 0C Model Minimum Pulse Width 'clock_divider:comb_36|Pulse_ms'
Slack : 0.013
TNS   : 0.000

Type  : Fast 1100mV 0C Model Minimum Pulse Width 'state.BLINKING'
Slack : 0.439
TNS   : 0.000

------------------------------------------------------------
