------------------------------------------------------------
TimeQuest Timing Analyzer Summary
------------------------------------------------------------

Type  : Slow 1100mV 85C Model Setup 'KEY[0]'
Slack : -5.426
TNS   : -100.491

Type  : Slow 1100mV 85C Model Setup 'CLOCK_50'
Slack : -5.101
TNS   : -228.486

Type  : Slow 1100mV 85C Model Setup 'state.BLINKING'
Slack : -3.478
TNS   : -3.478

Type  : Slow 1100mV 85C Model Setup 'clock_divider:comb_40|Pulse_ms'
Slack : -2.097
TNS   : -112.069

Type  : Slow 1100mV 85C Model Hold 'clock_divider:comb_40|Pulse_ms'
Slack : 0.272
TNS   : 0.000

Type  : Slow 1100mV 85C Model Hold 'CLOCK_50'
Slack : 0.329
TNS   : 0.000

Type  : Slow 1100mV 85C Model Hold 'KEY[0]'
Slack : 1.214
TNS   : 0.000

Type  : Slow 1100mV 85C Model Hold 'state.BLINKING'
Slack : 2.734
TNS   : 0.000

Type  : Slow 1100mV 85C Model Minimum Pulse Width 'CLOCK_50'
Slack : -0.394
TNS   : -45.694

Type  : Slow 1100mV 85C Model Minimum Pulse Width 'clock_divider:comb_40|Pulse_ms'
Slack : -0.394
TNS   : -38.152

Type  : Slow 1100mV 85C Model Minimum Pulse Width 'KEY[0]'
Slack : 0.107
TNS   : 0.000

Type  : Slow 1100mV 85C Model Minimum Pulse Width 'state.BLINKING'
Slack : 0.405
TNS   : 0.000

Type  : Slow 1100mV 0C Model Setup 'KEY[0]'
Slack : -5.048
TNS   : -94.497

Type  : Slow 1100mV 0C Model Setup 'CLOCK_50'
Slack : -4.982
TNS   : -220.000

Type  : Slow 1100mV 0C Model Setup 'state.BLINKING'
Slack : -3.599
TNS   : -3.599

Type  : Slow 1100mV 0C Model Setup 'clock_divider:comb_40|Pulse_ms'
Slack : -2.113
TNS   : -112.173

Type  : Slow 1100mV 0C Model Hold 'CLOCK_50'
Slack : 0.028
TNS   : 0.000

Type  : Slow 1100mV 0C Model Hold 'clock_divider:comb_40|Pulse_ms'
Slack : 0.274
TNS   : 0.000

Type  : Slow 1100mV 0C Model Hold 'KEY[0]'
Slack : 0.839
TNS   : 0.000

Type  : Slow 1100mV 0C Model Hold 'state.BLINKING'
Slack : 2.852
TNS   : 0.000

Type  : Slow 1100mV 0C Model Minimum Pulse Width 'CLOCK_50'
Slack : -0.394
TNS   : -48.793

Type  : Slow 1100mV 0C Model Minimum Pulse Width 'clock_divider:comb_40|Pulse_ms'
Slack : -0.394
TNS   : -37.640

Type  : Slow 1100mV 0C Model Minimum Pulse Width 'KEY[0]'
Slack : 0.088
TNS   : 0.000

Type  : Slow 1100mV 0C Model Minimum Pulse Width 'state.BLINKING'
Slack : 0.402
TNS   : 0.000

Type  : Fast 1100mV 85C Model Setup 'KEY[0]'
Slack : -3.833
TNS   : -70.932

Type  : Fast 1100mV 85C Model Setup 'CLOCK_50'
Slack : -2.598
TNS   : -104.506

Type  : Fast 1100mV 85C Model Setup 'state.BLINKING'
Slack : -1.443
TNS   : -1.443

Type  : Fast 1100mV 85C Model Setup 'clock_divider:comb_40|Pulse_ms'
Slack : -0.985
TNS   : -47.274

Type  : Fast 1100mV 85C Model Hold 'clock_divider:comb_40|Pulse_ms'
Slack : 0.092
TNS   : 0.000

Type  : Fast 1100mV 85C Model Hold 'CLOCK_50'
Slack : 0.182
TNS   : 0.000

Type  : Fast 1100mV 85C Model Hold 'KEY[0]'
Slack : 0.960
TNS   : 0.000

Type  : Fast 1100mV 85C Model Hold 'state.BLINKING'
Slack : 1.402
TNS   : 0.000

Type  : Fast 1100mV 85C Model Minimum Pulse Width 'CLOCK_50'
Slack : -0.382
TNS   : -8.119

Type  : Fast 1100mV 85C Model Minimum Pulse Width 'KEY[0]'
Slack : -0.114
TNS   : -1.494

Type  : Fast 1100mV 85C Model Minimum Pulse Width 'clock_divider:comb_40|Pulse_ms'
Slack : 0.005
TNS   : 0.000

Type  : Fast 1100mV 85C Model Minimum Pulse Width 'state.BLINKING'
Slack : 0.376
TNS   : 0.000

Type  : Fast 1100mV 0C Model Setup 'KEY[0]'
Slack : -3.109
TNS   : -57.821

Type  : Fast 1100mV 0C Model Setup 'CLOCK_50'
Slack : -2.294
TNS   : -88.859

Type  : Fast 1100mV 0C Model Setup 'state.BLINKING'
Slack : -1.406
TNS   : -1.406

Type  : Fast 1100mV 0C Model Setup 'clock_divider:comb_40|Pulse_ms'
Slack : -0.891
TNS   : -41.638

Type  : Fast 1100mV 0C Model Hold 'CLOCK_50'
Slack : 0.052
TNS   : 0.000

Type  : Fast 1100mV 0C Model Hold 'clock_divider:comb_40|Pulse_ms'
Slack : 0.079
TNS   : 0.000

Type  : Fast 1100mV 0C Model Hold 'KEY[0]'
Slack : 0.703
TNS   : 0.000

Type  : Fast 1100mV 0C Model Hold 'state.BLINKING'
Slack : 1.400
TNS   : 0.000

Type  : Fast 1100mV 0C Model Minimum Pulse Width 'CLOCK_50'
Slack : -0.369
TNS   : -8.010

Type  : Fast 1100mV 0C Model Minimum Pulse Width 'KEY[0]'
Slack : -0.122
TNS   : -1.727

Type  : Fast 1100mV 0C Model Minimum Pulse Width 'clock_divider:comb_40|Pulse_ms'
Slack : 0.043
TNS   : 0.000

Type  : Fast 1100mV 0C Model Minimum Pulse Width 'state.BLINKING'
Slack : 0.403
TNS   : 0.000

------------------------------------------------------------
