------------------------------------------------------------
TimeQuest Timing Analyzer Summary
------------------------------------------------------------

Type  : Slow 1100mV 85C Model Setup 'clk_in'
Slack : -1.395
TNS   : -26.159

Type  : Slow 1100mV 85C Model Hold 'clk_in'
Slack : 0.312
TNS   : 0.000

Type  : Slow 1100mV 85C Model Minimum Pulse Width 'clk_in'
Slack : -0.394
TNS   : -14.361

Type  : Slow 1100mV 0C Model Setup 'clk_in'
Slack : -1.361
TNS   : -24.500

Type  : Slow 1100mV 0C Model Hold 'clk_in'
Slack : 0.296
TNS   : 0.000

Type  : Slow 1100mV 0C Model Minimum Pulse Width 'clk_in'
Slack : -0.394
TNS   : -15.298

Type  : Fast 1100mV 85C Model Setup 'clk_in'
Slack : -0.288
TNS   : -3.947

Type  : Fast 1100mV 85C Model Hold 'clk_in'
Slack : 0.177
TNS   : 0.000

Type  : Fast 1100mV 85C Model Minimum Pulse Width 'clk_in'
Slack : -0.085
TNS   : -2.261

Type  : Fast 1100mV 0C Model Setup 'clk_in'
Slack : -0.182
TNS   : -2.470

Type  : Fast 1100mV 0C Model Hold 'clk_in'
Slack : 0.165
TNS   : 0.000

Type  : Fast 1100mV 0C Model Minimum Pulse Width 'clk_in'
Slack : -0.084
TNS   : -2.221

------------------------------------------------------------
